[themesonyx.com/preview/rocket/index.html]
[backblue.gif]
[fade.gif]
[index.html]
[themesonyx.com/preview/rocket/img/favicon/apple-icon-57x57.png]
[themesonyx.com/preview/rocket/img/favicon/apple-icon-60x60.png]
[themesonyx.com/preview/rocket/img/favicon/apple-icon-72x72.png]
[themesonyx.com/preview/rocket/img/favicon/apple-icon-76x76.png]
[themesonyx.com/preview/rocket/img/favicon/apple-icon-114x114.png]
[themesonyx.com/preview/rocket/img/favicon/apple-icon-120x120.png]
[themesonyx.com/preview/rocket/img/favicon/apple-icon-144x144.png]
[themesonyx.com/preview/rocket/img/favicon/apple-icon-152x152.png]
[themesonyx.com/preview/rocket/img/favicon/apple-icon-180x180.png]
[themesonyx.com/preview/rocket/img/favicon/android-192x192.png]
[themesonyx.com/preview/rocket/img/favicon/favicon-32x32.png]
[themesonyx.com/preview/rocket/img/favicon/favicon-96x96.png]
[themesonyx.com/preview/rocket/img/favicon/favicon-16x16.png]
[themesonyx.com/preview/rocket/manifest.json]
[themesonyx.com/preview/rocket/img/favicon/ms-icon-144x144.png]
[themesonyx.com/preview/rocket/my-profile.html]
[themesonyx.com/preview/rocket/log-in.html]
[themesonyx.com/preview/rocket/img/logo.png]
[themesonyx.com/preview/rocket/img/users/user01.jpg]
[themesonyx.com/preview/rocket/img/flags/EN.png]
[themesonyx.com/preview/rocket/img/flags/FR.png]
[themesonyx.com/preview/rocket/img/flags/RU.png]
[themesonyx.com/preview/rocket/img/flags/ES.png]
[themesonyx.com/preview/rocket/view-message.html]
[themesonyx.com/preview/rocket/img/users/user02.jpg]
[themesonyx.com/preview/rocket/img/users/user03.jpg]
[themesonyx.com/preview/rocket/img/users/user04.jpg]
[themesonyx.com/preview/rocket/img/users/user05.jpg]
[themesonyx.com/preview/rocket/user-profile.html]
[themesonyx.com/preview/rocket/messages.html]
[themesonyx.com/preview/rocket/users.html]
[themesonyx.com/preview/rocket/alerts.html]
[themesonyx.com/preview/rocket/animations.html]
[themesonyx.com/preview/rocket/buttons.html]
[themesonyx.com/preview/rocket/pagination.html]
[themesonyx.com/preview/rocket/progress-bars.html]
[themesonyx.com/preview/rocket/typography.html]
[themesonyx.com/preview/rocket/chartJs.html]
[themesonyx.com/preview/rocket/icons-fontawesome.html]
[themesonyx.com/preview/rocket/icons-glyphicon.html]
[themesonyx.com/preview/rocket/morrisJs.html]
[themesonyx.com/preview/rocket/widgets.html]
[themesonyx.com/preview/rocket/tables.html]
[themesonyx.com/preview/rocket/map.html]
[themesonyx.com/preview/rocket/blank.html]
[themesonyx.com/preview/rocket/forgot-password.html]
[themesonyx.com/preview/rocket/sign-up.html]
[themesonyx.com/preview/rocket/edit-profile.html]
[themesonyx.com/preview/rocket/404.html]
[themesonyx.com/preview/rocket/500.html]
[themesonyx.com/preview/rocket/js/jquery-3.2.0.min.js]
[themesonyx.com/preview/rocket/js/bootstrap.min.js]
[themesonyx.com/preview/rocket/js/chart.js/Chart.bundle.min.js]
[themesonyx.com/preview/rocket/js/chart.js/Chart.min.js]
[themesonyx.com/preview/rocket/js/chart.js/chartJs-config.js]
[themesonyx.com/preview/rocket/js/preloader.js]
[themesonyx.com/preview/rocket/js/script.js]
[themesonyx.com/preview/rocket/index.html]
[themesonyx.com/preview/rocket/fonts/glyphicons-halflings-regular.eot]
[themesonyx.com/preview/rocket/fonts/glyphicons-halflings-regulard41d.eot]
[themesonyx.com/preview/rocket/fonts/glyphicons-halflings-regular.woff]
[themesonyx.com/preview/rocket/css/bootstrap.min.css]
[themesonyx.com/preview/rocket/fonts/fontawesome-webfont3e6e.eot]
[themesonyx.com/preview/rocket/fonts/fontawesome-webfontd41d.eot]
[themesonyx.com/preview/rocket/fonts/fontawesome-webfont3e6e.woff]
[themesonyx.com/preview/rocket/fonts/fontawesome-webfont3e6e.ttf]
[themesonyx.com/preview/rocket/css/font-awesome.min.css]
[themesonyx.com/preview/rocket/css/style.css]
[themesonyx.com/preview/rocket/img/users/user06.jpg]
[themesonyx.com/preview/rocket/img/users/user11.jpg]
[themesonyx.com/preview/rocket/img/users/user10.jpg]
[themesonyx.com/preview/rocket/img/users/user07.jpg]
[themesonyx.com/preview/rocket/img/users/user08.jpg]
[themesonyx.com/preview/rocket/img/users/user09.jpg]
[themesonyx.com/preview/rocket/my-profile.html]
[themesonyx.com/preview/rocket/lock.html]
[themesonyx.com/preview/rocket/log-in.html]
[themesonyx.com/preview/rocket/img/flags/DE.png]
[themesonyx.com/preview/rocket/js/summernote/summernote.min.js]
[themesonyx.com/preview/rocket/js/summernote/summernoteConfig.js]
[themesonyx.com/preview/rocket/view-message.html]
[themesonyx.com/preview/rocket/messages.html]
[themesonyx.com/preview/rocket/user-profile.html]
[themesonyx.com/preview/rocket/calendar.html]
[themesonyx.com/preview/rocket/js/moment.min.js]
[themesonyx.com/preview/rocket/js/jquery-ui.min.js]
[themesonyx.com/preview/rocket/js/fullcalendar.min.js]
[themesonyx.com/preview/rocket/js/fullcalendar-config.js]
[themesonyx.com/preview/rocket/users.html]
[themesonyx.com/preview/rocket/alerts.html]
[themesonyx.com/preview/rocket/animations.html]
[themesonyx.com/preview/rocket/buttons.html]
[themesonyx.com/preview/rocket/grid-system.html]
[themesonyx.com/preview/rocket/pagination.html]
[themesonyx.com/preview/rocket/progress-bars.html]
[themesonyx.com/preview/rocket/typography.html]
[themesonyx.com/preview/rocket/js/chart.js/chartJs-html.js]
[themesonyx.com/preview/rocket/chartJs.html]
[themesonyx.com/preview/rocket/js/morris.js/raphael-min.js]
[themesonyx.com/preview/rocket/js/morris.js/morris.min.js]
[themesonyx.com/preview/rocket/js/morris.js/morrisJs-config.js]
[themesonyx.com/preview/rocket/morrisJs.html]
[themesonyx.com/preview/rocket/icons-fontawesome.html]
[themesonyx.com/preview/rocket/icons-glyphicon.html]
[themesonyx.com/preview/rocket/widgets.html]
[themesonyx.com/preview/rocket/forms.html]
[themesonyx.com/preview/rocket/tables.html]
[themesonyx.com/preview/rocket/js/mapConfig.js]
[themesonyx.com/preview/rocket/map.html]
[themesonyx.com/preview/rocket/blank.html]
[themesonyx.com/preview/rocket/forgot-password.html]
[themesonyx.com/preview/rocket/sign-up.html]
[themesonyx.com/preview/rocket/edit-profile.html]
[themesonyx.com/preview/rocket/404.html]
[themesonyx.com/preview/rocket/500.html]
[themesonyx.com/preview/rocket/fonts/glyphicons-halflings-regular.html]
[themesonyx.com/preview/rocket/fonts/glyphicons-halflings-regular.ttf]
[themesonyx.com/preview/rocket/fonts/glyphicons-halflings-regular.svg]
[themesonyx.com/preview/rocket/fonts/fontawesome-webfont3e6e.html]
[themesonyx.com/preview/rocket/fonts/fontawesome-webfont3e6e.svg]
[themesonyx.com/preview/rocket/css/animate.css]
[themesonyx.com/preview/rocket/lock.html]
[themesonyx.com/preview/rocket/js/summernote/font/summernoted24f.eot]
[themesonyx.com/preview/rocket/js/summernote/font/summernoted41d.eot]
[themesonyx.com/preview/rocket/js/summernote/font/summernoted24f.woff]
[themesonyx.com/preview/rocket/js/summernote/font/summernoted24f.ttf]
[themesonyx.com/preview/rocket/js/summernote/summernote.css]
[themesonyx.com/preview/rocket/calendar.html]
[themesonyx.com/preview/rocket/css/bootstrap-social.css]
[themesonyx.com/preview/rocket/grid-system.html]
[themesonyx.com/preview/rocket/css/morris.css]
[themesonyx.com/preview/rocket/js/dropzone.js]
[themesonyx.com/preview/rocket/forms.html]
[themesonyx.com/preview/rocket/css/fullcalendar.print.min.css]
[themesonyx.com/preview/rocket/css/dropzone.css]
[themesonyx.com/preview/rocket/css/fullcalendar.min.css]
